Archive member included because of file (symbol)

c:/ac6/systemworkbench/plugins/fr.ac6.mcu.externaltools.arm-none.win32_1.3.0.201507241045/tools/compiler/bin/../lib/gcc/arm-none-eabi/4.9.3/armv6-m\libgcc.a(_udivsi3.o)
                              src/RGBlibrary.o (__aeabi_uidiv)
c:/ac6/systemworkbench/plugins/fr.ac6.mcu.externaltools.arm-none.win32_1.3.0.201507241045/tools/compiler/bin/../lib/gcc/arm-none-eabi/4.9.3/armv6-m\libgcc.a(_divsi3.o)
                              src/RGBlibrary.o (__aeabi_idiv)
c:/ac6/systemworkbench/plugins/fr.ac6.mcu.externaltools.arm-none.win32_1.3.0.201507241045/tools/compiler/bin/../lib/gcc/arm-none-eabi/4.9.3/armv6-m\libgcc.a(_dvmd_tls.o)
                              c:/ac6/systemworkbench/plugins/fr.ac6.mcu.externaltools.arm-none.win32_1.3.0.201507241045/tools/compiler/bin/../lib/gcc/arm-none-eabi/4.9.3/armv6-m\libgcc.a(_udivsi3.o) (__aeabi_idiv0)
c:/ac6/systemworkbench/plugins/fr.ac6.mcu.externaltools.arm-none.win32_1.3.0.201507241045/tools/compiler/bin/../lib/gcc/arm-none-eabi/4.9.3/../../../../arm-none-eabi/lib/armv6-m\libc.a(lib_a-errno.o)
                              startup/sysmem.o (__errno)
c:/ac6/systemworkbench/plugins/fr.ac6.mcu.externaltools.arm-none.win32_1.3.0.201507241045/tools/compiler/bin/../lib/gcc/arm-none-eabi/4.9.3/../../../../arm-none-eabi/lib/armv6-m\libc.a(lib_a-exit.o)
                              c:/ac6/systemworkbench/plugins/fr.ac6.mcu.externaltools.arm-none.win32_1.3.0.201507241045/tools/compiler/bin/../lib/gcc/arm-none-eabi/4.9.3/../../../../arm-none-eabi/lib/armv6-m/crt0.o (exit)
c:/ac6/systemworkbench/plugins/fr.ac6.mcu.externaltools.arm-none.win32_1.3.0.201507241045/tools/compiler/bin/../lib/gcc/arm-none-eabi/4.9.3/../../../../arm-none-eabi/lib/armv6-m\libc.a(lib_a-impure.o)
                              c:/ac6/systemworkbench/plugins/fr.ac6.mcu.externaltools.arm-none.win32_1.3.0.201507241045/tools/compiler/bin/../lib/gcc/arm-none-eabi/4.9.3/../../../../arm-none-eabi/lib/armv6-m\libc.a(lib_a-exit.o) (_global_impure_ptr)
c:/ac6/systemworkbench/plugins/fr.ac6.mcu.externaltools.arm-none.win32_1.3.0.201507241045/tools/compiler/bin/../lib/gcc/arm-none-eabi/4.9.3/../../../../arm-none-eabi/lib/armv6-m\libc.a(lib_a-init.o)
                              c:/ac6/systemworkbench/plugins/fr.ac6.mcu.externaltools.arm-none.win32_1.3.0.201507241045/tools/compiler/bin/../lib/gcc/arm-none-eabi/4.9.3/../../../../arm-none-eabi/lib/armv6-m/crt0.o (__libc_init_array)
c:/ac6/systemworkbench/plugins/fr.ac6.mcu.externaltools.arm-none.win32_1.3.0.201507241045/tools/compiler/bin/../lib/gcc/arm-none-eabi/4.9.3/../../../../arm-none-eabi/lib/armv6-m\libc.a(lib_a-memset.o)
                              c:/ac6/systemworkbench/plugins/fr.ac6.mcu.externaltools.arm-none.win32_1.3.0.201507241045/tools/compiler/bin/../lib/gcc/arm-none-eabi/4.9.3/../../../../arm-none-eabi/lib/armv6-m/crt0.o (memset)
c:/ac6/systemworkbench/plugins/fr.ac6.mcu.externaltools.arm-none.win32_1.3.0.201507241045/tools/compiler/bin/../lib/gcc/arm-none-eabi/4.9.3/../../../../arm-none-eabi/lib/armv6-m\libc.a(lib_a-__call_atexit.o)
                              c:/ac6/systemworkbench/plugins/fr.ac6.mcu.externaltools.arm-none.win32_1.3.0.201507241045/tools/compiler/bin/../lib/gcc/arm-none-eabi/4.9.3/../../../../arm-none-eabi/lib/armv6-m\libc.a(lib_a-exit.o) (__call_exitprocs)
c:/ac6/systemworkbench/plugins/fr.ac6.mcu.externaltools.arm-none.win32_1.3.0.201507241045/tools/compiler/bin/../lib/gcc/arm-none-eabi/4.9.3/../../../../arm-none-eabi/lib/armv6-m\libc.a(lib_a-atexit.o)
                              c:/ac6/systemworkbench/plugins/fr.ac6.mcu.externaltools.arm-none.win32_1.3.0.201507241045/tools/compiler/bin/../lib/gcc/arm-none-eabi/4.9.3/../../../../arm-none-eabi/lib/armv6-m\libc.a(lib_a-__call_atexit.o) (atexit)
c:/ac6/systemworkbench/plugins/fr.ac6.mcu.externaltools.arm-none.win32_1.3.0.201507241045/tools/compiler/bin/../lib/gcc/arm-none-eabi/4.9.3/../../../../arm-none-eabi/lib/armv6-m\libc.a(lib_a-fini.o)
                              c:/ac6/systemworkbench/plugins/fr.ac6.mcu.externaltools.arm-none.win32_1.3.0.201507241045/tools/compiler/bin/../lib/gcc/arm-none-eabi/4.9.3/../../../../arm-none-eabi/lib/armv6-m\libc.a(lib_a-__call_atexit.o) (__libc_fini_array)
c:/ac6/systemworkbench/plugins/fr.ac6.mcu.externaltools.arm-none.win32_1.3.0.201507241045/tools/compiler/bin/../lib/gcc/arm-none-eabi/4.9.3/../../../../arm-none-eabi/lib/armv6-m\libc.a(lib_a-__atexit.o)
                              c:/ac6/systemworkbench/plugins/fr.ac6.mcu.externaltools.arm-none.win32_1.3.0.201507241045/tools/compiler/bin/../lib/gcc/arm-none-eabi/4.9.3/../../../../arm-none-eabi/lib/armv6-m\libc.a(lib_a-atexit.o) (__register_exitproc)

Allocating common symbols
Common symbol       size              file

RGBbuff             0x2d              src/RGBlibrary.o

Discarded input sections

[...]
Memory Configuration

Name             Origin             Length             Attributes
RAM              0x20000000         0x00002000         xrw
ROM              0x08000000         0x00010000         xr
*default*        0x00000000         0xffffffff

Linker script and memory map

LOAD c:/ac6/systemworkbench/plugins/fr.ac6.mcu.externaltools.arm-none.win32_1.3.0.201507241045/tools/compiler/bin/../lib/gcc/arm-none-eabi/4.9.3/armv6-m/crti.o
LOAD c:/ac6/systemworkbench/plugins/fr.ac6.mcu.externaltools.arm-none.win32_1.3.0.201507241045/tools/compiler/bin/../lib/gcc/arm-none-eabi/4.9.3/armv6-m/crtbegin.o
LOAD c:/ac6/systemworkbench/plugins/fr.ac6.mcu.externaltools.arm-none.win32_1.3.0.201507241045/tools/compiler/bin/../lib/gcc/arm-none-eabi/4.9.3/../../../../arm-none-eabi/lib/armv6-m/crt0.o
LOAD c:/ac6/systemworkbench/plugins/fr.ac6.mcu.externaltools.arm-none.win32_1.3.0.201507241045/tools/compiler/bin/../lib/gcc/arm-none-eabi/4.9.3/../../../../arm-none-eabi/lib/armv6-m\libm.a
LOAD startup/startup_stm32f0xx.o
LOAD startup/sysmem.o
LOAD src/RGBlibrary.o
LOAD src/WS2812driver.o
LOAD src/main.o
LOAD src/system_stm32f0xx.o
LOAD Utilities/stm32f0_discovery.o
LOAD StdPeriph_Driver/src/stm32f0xx_adc.o
LOAD StdPeriph_Driver/src/stm32f0xx_cec.o
LOAD StdPeriph_Driver/src/stm32f0xx_comp.o
LOAD StdPeriph_Driver/src/stm32f0xx_crc.o
LOAD StdPeriph_Driver/src/stm32f0xx_dac.o
LOAD StdPeriph_Driver/src/stm32f0xx_dbgmcu.o
LOAD StdPeriph_Driver/src/stm32f0xx_dma.o
LOAD StdPeriph_Driver/src/stm32f0xx_exti.o
LOAD StdPeriph_Driver/src/stm32f0xx_flash.o
LOAD StdPeriph_Driver/src/stm32f0xx_gpio.o
LOAD StdPeriph_Driver/src/stm32f0xx_i2c.o
LOAD StdPeriph_Driver/src/stm32f0xx_iwdg.o
LOAD StdPeriph_Driver/src/stm32f0xx_misc.o
LOAD StdPeriph_Driver/src/stm32f0xx_pwr.o
LOAD StdPeriph_Driver/src/stm32f0xx_rcc.o
LOAD StdPeriph_Driver/src/stm32f0xx_rtc.o
LOAD StdPeriph_Driver/src/stm32f0xx_spi.o
LOAD StdPeriph_Driver/src/stm32f0xx_syscfg.o
LOAD StdPeriph_Driver/src/stm32f0xx_tim.o
LOAD StdPeriph_Driver/src/stm32f0xx_usart.o
LOAD StdPeriph_Driver/src/stm32f0xx_wwdg.o
START GROUP
LOAD c:/ac6/systemworkbench/plugins/fr.ac6.mcu.externaltools.arm-none.win32_1.3.0.201507241045/tools/compiler/bin/../lib/gcc/arm-none-eabi/4.9.3/armv6-m\libgcc.a
LOAD c:/ac6/systemworkbench/plugins/fr.ac6.mcu.externaltools.arm-none.win32_1.3.0.201507241045/tools/compiler/bin/../lib/gcc/arm-none-eabi/4.9.3/../../../../arm-none-eabi/lib/armv6-m\libc.a
END GROUP
LOAD c:/ac6/systemworkbench/plugins/fr.ac6.mcu.externaltools.arm-none.win32_1.3.0.201507241045/tools/compiler/bin/../lib/gcc/arm-none-eabi/4.9.3/armv6-m/crtend.o
LOAD c:/ac6/systemworkbench/plugins/fr.ac6.mcu.externaltools.arm-none.win32_1.3.0.201507241045/tools/compiler/bin/../lib/gcc/arm-none-eabi/4.9.3/armv6-m/crtn.o
                0x20002000                _estack = 0x20002000
                0x00000000                _Min_Heap_Size = 0x0
                0x00000400                _Min_Stack_Size = 0x400

.isr_vector     0x08000000       0xc4
                0x08000000                . = ALIGN (0x4)
 *(.isr_vector)
 .isr_vector    0x08000000       0xc4 startup/startup_stm32f0xx.o
                0x08000000                g_pfnVectors
                0x080000c4                . = ALIGN (0x4)

.text           0x080000c4     0x13f0
                0x080000c4                . = ALIGN (0x4)
 *(.text)
 .text          0x080000c4       0x60 c:/ac6/systemworkbench/plugins/fr.ac6.mcu.externaltools.arm-none.win32_1.3.0.201507241045/tools/compiler/bin/../lib/gcc/arm-none-eabi/4.9.3/armv6-m/crtbegin.o
 .text          0x08000124      0x120 c:/ac6/systemworkbench/plugins/fr.ac6.mcu.externaltools.arm-none.win32_1.3.0.201507241045/tools/compiler/bin/../lib/gcc/arm-none-eabi/4.9.3/armv6-m\libgcc.a(_udivsi3.o)
                0x08000124                __aeabi_uidiv
                0x08000124                __udivsi3
                0x08000230                __aeabi_uidivmod
 .text          0x08000244      0x1e0 c:/ac6/systemworkbench/plugins/fr.ac6.mcu.externaltools.arm-none.win32_1.3.0.201507241045/tools/compiler/bin/../lib/gcc/arm-none-eabi/4.9.3/armv6-m\libgcc.a(_divsi3.o)
                0x08000244                __divsi3
                0x08000244                __aeabi_idiv
                0x08000410                __aeabi_idivmod
 .text          0x08000424        0x4 c:/ac6/systemworkbench/plugins/fr.ac6.mcu.externaltools.arm-none.win32_1.3.0.201507241045/tools/compiler/bin/../lib/gcc/arm-none-eabi/4.9.3/armv6-m\libgcc.a(_dvmd_tls.o)
                0x08000424                __aeabi_idiv0
                0x08000424                __aeabi_ldiv0
 *(.text*)
 .text.Reset_Handler
                0x08000428       0x50 startup/startup_stm32f0xx.o
                0x08000428                Reset_Handler
 .text.Default_Handler
                0x08000478        0x2 startup/startup_stm32f0xx.o
                0x08000478                TIM1_CC_IRQHandler
                0x08000478                HardFault_Handler
                0x08000478                ADC1_COMP_IRQHandler
                0x08000478                PVD_IRQHandler
                0x08000478                PendSV_Handler
                0x08000478                NMI_Handler
                0x08000478                I2C1_IRQHandler
                0x08000478                SPI1_IRQHandler
                0x08000478                TIM6_DAC_IRQHandler
                0x08000478                EXTI2_3_IRQHandler
                0x08000478                I2C2_IRQHandler
                0x08000478                TIM17_IRQHandler
                0x08000478                RTC_IRQHandler
                0x08000478                TIM16_IRQHandler
                0x08000478                TIM3_IRQHandler
                0x08000478                EXTI4_15_IRQHandler
                0x08000478                RCC_IRQHandler
                0x08000478                DMA1_Channel1_IRQHandler
                0x08000478                Default_Handler
                0x08000478                CEC_IRQHandler
                0x08000478                TIM14_IRQHandler
                0x08000478                TIM15_IRQHandler
                0x08000478                EXTI0_1_IRQHandler
                0x08000478                SPI2_IRQHandler
                0x08000478                SVC_Handler
                0x08000478                TS_IRQHandler
                0x08000478                WWDG_IRQHandler
                0x08000478                TIM2_IRQHandler
                0x08000478                DMA1_Channel2_3_IRQHandler
                0x08000478                USART2_IRQHandler
                0x08000478                FLASH_IRQHandler
                0x08000478                USART1_IRQHandler
                0x08000478                TIM1_BRK_UP_TRG_COM_IRQHandler
 *fill*         0x0800047a        0x2 
 .text.RGBlib_Init
                0x0800047c       0x70 src/RGBlibrary.o
                0x0800047c                RGBlib_Init
 .text.RGBlib_ColorWipeCenter
                0x080004ec       0x80 src/RGBlibrary.o
                0x080004ec                RGBlib_ColorWipeCenter
 .text.RGBlib_TheaterChase
                0x0800056c      0x104 src/RGBlibrary.o
                0x0800056c                RGBlib_TheaterChase
 .text.RGBlib_Rainbow
                0x08000670       0xdc src/RGBlibrary.o
                0x08000670                RGBlib_Rainbow
 .text.RGBlib_RainbowCycle
                0x0800074c      0x100 src/RGBlibrary.o
                0x0800074c                RGBlib_RainbowCycle
 .text.RGBlib_Detonate
                0x0800084c      0x100 src/RGBlibrary.o
                0x0800084c                RGBlib_Detonate
 .text.SysTick_Handler
                0x0800094c       0x14 src/RGBlibrary.o
                0x0800094c                SysTick_Handler
 .text.RGBlib_Delay_ms
                0x08000960       0x10 src/RGBlibrary.o
                0x08000960                RGBlib_Delay_ms
 .text.WS2812_Init
                0x08000970      0x100 src/WS2812driver.o
                0x08000970                WS2812_Init
 .text.WS2812_Fill
                0x08000a70      0x14c src/WS2812driver.o
                0x08000a70                WS2812_Fill
 .text.WS2812_Send
                0x08000bbc       0x8c src/WS2812driver.o
                0x08000bbc                WS2812_Send
 .text.WS2812_SetBrightness
                0x08000c48        0xc src/WS2812driver.o
                0x08000c48                WS2812_SetBrightness
 .text.DMA1_Channel4_5_IRQHandler
                0x08000c54       0xc0 src/WS2812driver.o
                0x08000c54                DMA1_Channel4_5_IRQHandler
 .text.startup.main
                0x08000d14       0x48 src/main.o
                0x08000d14                main
 .text.SystemInit
                0x08000d5c       0xbc src/system_stm32f0xx.o
                0x08000d5c                SystemInit
 .text.DMA_DeInit
                0x08000e18       0x90 StdPeriph_Driver/src/stm32f0xx_dma.o
                0x08000e18                DMA_DeInit
 .text.DMA_Init
                0x08000ea8       0x3c StdPeriph_Driver/src/stm32f0xx_dma.o
                0x08000ea8                DMA_Init
 .text.DMA_Cmd  0x08000ee4       0x1c StdPeriph_Driver/src/stm32f0xx_dma.o
                0x08000ee4                DMA_Cmd
 .text.DMA_ITConfig
                0x08000f00       0x14 StdPeriph_Driver/src/stm32f0xx_dma.o
                0x08000f00                DMA_ITConfig
 .text.DMA_GetITStatus
                0x08000f14       0x14 StdPeriph_Driver/src/stm32f0xx_dma.o
                0x08000f14                DMA_GetITStatus
 .text.DMA_ClearITPendingBit
                0x08000f28        0xc StdPeriph_Driver/src/stm32f0xx_dma.o
                0x08000f28                DMA_ClearITPendingBit
 .text.GPIO_Init
                0x08000f34       0xc8 StdPeriph_Driver/src/stm32f0xx_gpio.o
                0x08000f34                GPIO_Init
 .text.GPIO_StructInit
                0x08000ffc       0x18 StdPeriph_Driver/src/stm32f0xx_gpio.o
                0x08000ffc                GPIO_StructInit
 .text.GPIO_PinAFConfig
                0x08001014       0x24 StdPeriph_Driver/src/stm32f0xx_gpio.o
                0x08001014                GPIO_PinAFConfig
 .text.NVIC_Init
                0x08001038       0x60 StdPeriph_Driver/src/stm32f0xx_misc.o
                0x08001038                NVIC_Init
 .text.RCC_GetClocksFreq
                0x08001098      0x108 StdPeriph_Driver/src/stm32f0xx_rcc.o
                0x08001098                RCC_GetClocksFreq
 .text.RCC_AHBPeriphClockCmd
                0x080011a0       0x18 StdPeriph_Driver/src/stm32f0xx_rcc.o
                0x080011a0                RCC_AHBPeriphClockCmd
 .text.RCC_APB1PeriphClockCmd
                0x080011b8       0x18 StdPeriph_Driver/src/stm32f0xx_rcc.o
                0x080011b8                RCC_APB1PeriphClockCmd
 .text.TIM_TimeBaseInit
                0x080011d0       0x9c StdPeriph_Driver/src/stm32f0xx_tim.o
                0x080011d0                TIM_TimeBaseInit
 .text.TIM_Cmd  0x0800126c       0x18 StdPeriph_Driver/src/stm32f0xx_tim.o
                0x0800126c                TIM_Cmd
 .text.TIM_OC1Init
                0x08001284       0x80 StdPeriph_Driver/src/stm32f0xx_tim.o
                0x08001284                TIM_OC1Init
 .text.TIM_OC1PreloadConfig
                0x08001304        0xc StdPeriph_Driver/src/stm32f0xx_tim.o
                0x08001304                TIM_OC1PreloadConfig
 .text.TIM_DMACmd
                0x08001310       0x14 StdPeriph_Driver/src/stm32f0xx_tim.o
                0x08001310                TIM_DMACmd
 .text.__libc_init_array
                0x08001324       0x48 c:/ac6/systemworkbench/plugins/fr.ac6.mcu.externaltools.arm-none.win32_1.3.0.201507241045/tools/compiler/bin/../lib/gcc/arm-none-eabi/4.9.3/../../../../arm-none-eabi/lib/armv6-m\libc.a(lib_a-init.o)
                0x08001324                __libc_init_array
 .text.startup.register_fini
                0x0800136c       0x18 c:/ac6/systemworkbench/plugins/fr.ac6.mcu.externaltools.arm-none.win32_1.3.0.201507241045/tools/compiler/bin/../lib/gcc/arm-none-eabi/4.9.3/../../../../arm-none-eabi/lib/armv6-m\libc.a(lib_a-__call_atexit.o)
 .text.atexit   0x08001384       0x10 c:/ac6/systemworkbench/plugins/fr.ac6.mcu.externaltools.arm-none.win32_1.3.0.201507241045/tools/compiler/bin/../lib/gcc/arm-none-eabi/4.9.3/../../../../arm-none-eabi/lib/armv6-m\libc.a(lib_a-atexit.o)
                0x08001384                atexit
 .text.__libc_fini_array
                0x08001394       0x34 c:/ac6/systemworkbench/plugins/fr.ac6.mcu.externaltools.arm-none.win32_1.3.0.201507241045/tools/compiler/bin/../lib/gcc/arm-none-eabi/4.9.3/../../../../arm-none-eabi/lib/armv6-m\libc.a(lib_a-fini.o)
                0x08001394                __libc_fini_array
 .text.__register_exitproc
                0x080013c8       0xd4 c:/ac6/systemworkbench/plugins/fr.ac6.mcu.externaltools.arm-none.win32_1.3.0.201507241045/tools/compiler/bin/../lib/gcc/arm-none-eabi/4.9.3/../../../../arm-none-eabi/lib/armv6-m\libc.a(lib_a-__atexit.o)
                0x080013c8                __register_exitproc
 *(.glue_7)
 .glue_7        0x00000000        0x0 linker stubs
 *(.glue_7t)
 .glue_7t       0x00000000        0x0 linker stubs
 *(.eh_frame)
 .eh_frame      0x0800149c        0x0 c:/ac6/systemworkbench/plugins/fr.ac6.mcu.externaltools.arm-none.win32_1.3.0.201507241045/tools/compiler/bin/../lib/gcc/arm-none-eabi/4.9.3/armv6-m/crtbegin.o
 *(.init)
 .init          0x0800149c        0x4 c:/ac6/systemworkbench/plugins/fr.ac6.mcu.externaltools.arm-none.win32_1.3.0.201507241045/tools/compiler/bin/../lib/gcc/arm-none-eabi/4.9.3/armv6-m/crti.o
                0x0800149c                _init
 .init          0x080014a0        0x8 c:/ac6/systemworkbench/plugins/fr.ac6.mcu.externaltools.arm-none.win32_1.3.0.201507241045/tools/compiler/bin/../lib/gcc/arm-none-eabi/4.9.3/armv6-m/crtn.o
 *(.fini)
 .fini          0x080014a8        0x4 c:/ac6/systemworkbench/plugins/fr.ac6.mcu.externaltools.arm-none.win32_1.3.0.201507241045/tools/compiler/bin/../lib/gcc/arm-none-eabi/4.9.3/armv6-m/crti.o
                0x080014a8                _fini
 .fini          0x080014ac        0x8 c:/ac6/systemworkbench/plugins/fr.ac6.mcu.externaltools.arm-none.win32_1.3.0.201507241045/tools/compiler/bin/../lib/gcc/arm-none-eabi/4.9.3/armv6-m/crtn.o
                0x080014b4                . = ALIGN (0x4)
                0x080014b4                _etext = .

.vfp11_veneer   0x080014b4        0x0
 .vfp11_veneer  0x00000000        0x0 linker stubs

.v4_bx          0x080014b4        0x0
 .v4_bx         0x00000000        0x0 linker stubs

.iplt           0x080014b4        0x0
 .iplt          0x00000000        0x0 c:/ac6/systemworkbench/plugins/fr.ac6.mcu.externaltools.arm-none.win32_1.3.0.201507241045/tools/compiler/bin/../lib/gcc/arm-none-eabi/4.9.3/armv6-m/crtbegin.o

.rodata         0x080014b4        0x8
                0x080014b4                . = ALIGN (0x4)
 *(.rodata)
 *(.rodata*)
 .rodata.str1.4
                0x080014b4        0x4 c:/ac6/systemworkbench/plugins/fr.ac6.mcu.externaltools.arm-none.win32_1.3.0.201507241045/tools/compiler/bin/../lib/gcc/arm-none-eabi/4.9.3/../../../../arm-none-eabi/lib/armv6-m\libc.a(lib_a-impure.o)
 .rodata._global_impure_ptr
                0x080014b8        0x4 c:/ac6/systemworkbench/plugins/fr.ac6.mcu.externaltools.arm-none.win32_1.3.0.201507241045/tools/compiler/bin/../lib/gcc/arm-none-eabi/4.9.3/../../../../arm-none-eabi/lib/armv6-m\libc.a(lib_a-impure.o)
                0x080014b8                _global_impure_ptr
                0x080014bc                . = ALIGN (0x4)

.rel.dyn        0x080014bc        0x0
 .rel.iplt      0x00000000        0x0 c:/ac6/systemworkbench/plugins/fr.ac6.mcu.externaltools.arm-none.win32_1.3.0.201507241045/tools/compiler/bin/../lib/gcc/arm-none-eabi/4.9.3/armv6-m/crtbegin.o

.ARM.extab      0x080014bc        0x0
                0x080014bc                . = ALIGN (0x4)
 *(.ARM.extab* .gnu.linkonce.armextab.*)
                0x080014bc                . = ALIGN (0x4)

.ARM            0x080014bc        0x0
                0x080014bc                . = ALIGN (0x4)
                0x080014bc                __exidx_start = .
 *(.ARM.exidx*)
                0x080014bc                __exidx_end = .
                0x080014bc                . = ALIGN (0x4)

.preinit_array  0x080014bc        0x0
                0x080014bc                . = ALIGN (0x4)
                0x080014bc                PROVIDE (__preinit_array_start, .)
 *(.preinit_array*)
                0x080014bc                PROVIDE (__preinit_array_end, .)
                0x080014bc                . = ALIGN (0x4)

.init_array     0x080014bc        0x8
                0x080014bc                . = ALIGN (0x4)
                0x080014bc                PROVIDE (__init_array_start, .)
 *(SORT(.init_array.*))
 .init_array.00000
                0x080014bc        0x4 c:/ac6/systemworkbench/plugins/fr.ac6.mcu.externaltools.arm-none.win32_1.3.0.201507241045/tools/compiler/bin/../lib/gcc/arm-none-eabi/4.9.3/../../../../arm-none-eabi/lib/armv6-m\libc.a(lib_a-__call_atexit.o)
 *(.init_array*)
 .init_array    0x080014c0        0x4 c:/ac6/systemworkbench/plugins/fr.ac6.mcu.externaltools.arm-none.win32_1.3.0.201507241045/tools/compiler/bin/../lib/gcc/arm-none-eabi/4.9.3/armv6-m/crtbegin.o
                0x080014c4                PROVIDE (__init_array_end, .)
                0x080014c4                . = ALIGN (0x4)

.fini_array     0x080014c4        0x4
                0x080014c4                . = ALIGN (0x4)
                0x080014c4                PROVIDE (__fini_array_start, .)
 *(SORT(.fini_array.*))
 *(.fini_array*)
 .fini_array    0x080014c4        0x4 c:/ac6/systemworkbench/plugins/fr.ac6.mcu.externaltools.arm-none.win32_1.3.0.201507241045/tools/compiler/bin/../lib/gcc/arm-none-eabi/4.9.3/armv6-m/crtbegin.o
                0x080014c8                PROVIDE (__fini_array_end, .)
                0x080014c8                . = ALIGN (0x4)
                0x080014c8                _sidata = LOADADDR (.data)

.data           0x20000000      0x570 load address 0x080014c8
                0x20000000                . = ALIGN (0x4)
                0x20000000                _sdata = .
 *(.data)
 .data          0x20000000      0x124 src/WS2812driver.o
                0x20000004                GammaBrightness8
                0x20000104                GammaBrightness5
 .data          0x20000124       0x14 src/system_stm32f0xx.o
                0x20000124                AHBPrescTable
                0x20000134                SystemCoreClock
 .data          0x20000138       0x10 StdPeriph_Driver/src/stm32f0xx_rcc.o
 *(.data*)
 .data.impure_data
                0x20000148      0x428 c:/ac6/systemworkbench/plugins/fr.ac6.mcu.externaltools.arm-none.win32_1.3.0.201507241045/tools/compiler/bin/../lib/gcc/arm-none-eabi/4.9.3/../../../../arm-none-eabi/lib/armv6-m\libc.a(lib_a-impure.o)
                0x20000570                . = ALIGN (0x4)
                0x20000570                _edata = .

.jcr            0x20000570        0x0 load address 0x08001a38
 .jcr           0x20000570        0x0 c:/ac6/systemworkbench/plugins/fr.ac6.mcu.externaltools.arm-none.win32_1.3.0.201507241045/tools/compiler/bin/../lib/gcc/arm-none-eabi/4.9.3/armv6-m/crtbegin.o

.igot.plt       0x20000570        0x0 load address 0x08001a38
 .igot.plt      0x00000000        0x0 c:/ac6/systemworkbench/plugins/fr.ac6.mcu.externaltools.arm-none.win32_1.3.0.201507241045/tools/compiler/bin/../lib/gcc/arm-none-eabi/4.9.3/armv6-m/crtbegin.o
                0x20000570                . = ALIGN (0x4)

.bss            0x20000570       0x90 load address 0x08001a38
                0x20000570                _sbss = .
                0x20000570                __bss_start__ = _sbss
 *(.bss)
 .bss           0x20000570       0x1c c:/ac6/systemworkbench/plugins/fr.ac6.mcu.externaltools.arm-none.win32_1.3.0.201507241045/tools/compiler/bin/../lib/gcc/arm-none-eabi/4.9.3/armv6-m/crtbegin.o
 .bss           0x2000058c        0x4 src/RGBlibrary.o
 .bss           0x20000590       0x40 src/WS2812driver.o
 *(.bss*)
 *(COMMON)
 COMMON         0x200005d0       0x2d src/RGBlibrary.o
                0x200005d0                RGBbuff
                0x20000600                . = ALIGN (0x4)
 *fill*         0x200005fd        0x3 
                0x20000600                _ebss = .
                0x20000600                __bss_end__ = _ebss

._user_heap_stack
                0x20000600      0x400 load address 0x08001a38
                0x20000600                . = ALIGN (0x8)
                0x20000600                PROVIDE (end, .)
                0x20000600                PROVIDE (_end, .)
                0x20000600                . = (. + _Min_Heap_Size)
                0x20000a00                . = (. + _Min_Stack_Size)
 *fill*         0x20000600      0x400 
                0x20000a00                . = ALIGN (0x8)

/DISCARD/
 libc.a(*)
 libm.a(*)
 libgcc.a(*)

.ARM.attributes
                0x00000000       0x28
 *(.ARM.attributes)
 .ARM.attributes
                0x00000000       0x1e c:/ac6/systemworkbench/plugins/fr.ac6.mcu.externaltools.arm-none.win32_1.3.0.201507241045/tools/compiler/bin/../lib/gcc/arm-none-eabi/4.9.3/armv6-m/crti.o
 .ARM.attributes
                0x0000001e       0x2c c:/ac6/systemworkbench/plugins/fr.ac6.mcu.externaltools.arm-none.win32_1.3.0.201507241045/tools/compiler/bin/../lib/gcc/arm-none-eabi/4.9.3/armv6-m/crtbegin.o
 .ARM.attributes
                0x0000004a       0x21 startup/startup_stm32f0xx.o
 .ARM.attributes
                0x0000006b       0x31 src/RGBlibrary.o
 .ARM.attributes
                0x0000009c       0x31 src/WS2812driver.o
 .ARM.attributes
                0x000000cd       0x31 src/main.o
 .ARM.attributes
                0x000000fe       0x31 src/system_stm32f0xx.o
 .ARM.attributes
                0x0000012f       0x31 StdPeriph_Driver/src/stm32f0xx_dma.o
 .ARM.attributes
                0x00000160       0x31 StdPeriph_Driver/src/stm32f0xx_gpio.o
 .ARM.attributes
                0x00000191       0x31 StdPeriph_Driver/src/stm32f0xx_misc.o
 .ARM.attributes
                0x000001c2       0x31 StdPeriph_Driver/src/stm32f0xx_rcc.o
 .ARM.attributes
                0x000001f3       0x31 StdPeriph_Driver/src/stm32f0xx_tim.o
 .ARM.attributes
                0x00000224       0x1e c:/ac6/systemworkbench/plugins/fr.ac6.mcu.externaltools.arm-none.win32_1.3.0.201507241045/tools/compiler/bin/../lib/gcc/arm-none-eabi/4.9.3/armv6-m\libgcc.a(_udivsi3.o)
 .ARM.attributes
                0x00000242       0x1e c:/ac6/systemworkbench/plugins/fr.ac6.mcu.externaltools.arm-none.win32_1.3.0.201507241045/tools/compiler/bin/../lib/gcc/arm-none-eabi/4.9.3/armv6-m\libgcc.a(_divsi3.o)
 .ARM.attributes
                0x00000260       0x1e c:/ac6/systemworkbench/plugins/fr.ac6.mcu.externaltools.arm-none.win32_1.3.0.201507241045/tools/compiler/bin/../lib/gcc/arm-none-eabi/4.9.3/armv6-m\libgcc.a(_dvmd_tls.o)
 .ARM.attributes
                0x0000027e       0x2c c:/ac6/systemworkbench/plugins/fr.ac6.mcu.externaltools.arm-none.win32_1.3.0.201507241045/tools/compiler/bin/../lib/gcc/arm-none-eabi/4.9.3/../../../../arm-none-eabi/lib/armv6-m\libc.a(lib_a-impure.o)
 .ARM.attributes
                0x000002aa       0x2c c:/ac6/systemworkbench/plugins/fr.ac6.mcu.externaltools.arm-none.win32_1.3.0.201507241045/tools/compiler/bin/../lib/gcc/arm-none-eabi/4.9.3/../../../../arm-none-eabi/lib/armv6-m\libc.a(lib_a-init.o)
 .ARM.attributes
                0x000002d6       0x2c c:/ac6/systemworkbench/plugins/fr.ac6.mcu.externaltools.arm-none.win32_1.3.0.201507241045/tools/compiler/bin/../lib/gcc/arm-none-eabi/4.9.3/../../../../arm-none-eabi/lib/armv6-m\libc.a(lib_a-__call_atexit.o)
 .ARM.attributes
                0x00000302       0x2c c:/ac6/systemworkbench/plugins/fr.ac6.mcu.externaltools.arm-none.win32_1.3.0.201507241045/tools/compiler/bin/../lib/gcc/arm-none-eabi/4.9.3/../../../../arm-none-eabi/lib/armv6-m\libc.a(lib_a-atexit.o)
 .ARM.attributes
                0x0000032e       0x2c c:/ac6/systemworkbench/plugins/fr.ac6.mcu.externaltools.arm-none.win32_1.3.0.201507241045/tools/compiler/bin/../lib/gcc/arm-none-eabi/4.9.3/../../../../arm-none-eabi/lib/armv6-m\libc.a(lib_a-fini.o)
 .ARM.attributes
                0x0000035a       0x2c c:/ac6/systemworkbench/plugins/fr.ac6.mcu.externaltools.arm-none.win32_1.3.0.201507241045/tools/compiler/bin/../lib/gcc/arm-none-eabi/4.9.3/../../../../arm-none-eabi/lib/armv6-m\libc.a(lib_a-__atexit.o)
 .ARM.attributes
                0x00000386       0x1e c:/ac6/systemworkbench/plugins/fr.ac6.mcu.externaltools.arm-none.win32_1.3.0.201507241045/tools/compiler/bin/../lib/gcc/arm-none-eabi/4.9.3/armv6-m/crtn.o
OUTPUT(WS2812.elf elf32-littlearm)

.comment        0x00000000       0x70
 .comment       0x00000000       0x70 src/RGBlibrary.o
                                 0x71 (size before relaxing)
 .comment       0x00000000       0x71 src/WS2812driver.o
 .comment       0x00000000       0x71 src/main.o
 .comment       0x00000000       0x71 src/system_stm32f0xx.o
 .comment       0x00000000       0x71 StdPeriph_Driver/src/stm32f0xx_dma.o
 .comment       0x00000000       0x71 StdPeriph_Driver/src/stm32f0xx_gpio.o
 .comment       0x00000000       0x71 StdPeriph_Driver/src/stm32f0xx_misc.o
 .comment       0x00000000       0x71 StdPeriph_Driver/src/stm32f0xx_rcc.o
 .comment       0x00000000       0x71 StdPeriph_Driver/src/stm32f0xx_tim.o

.debug_frame    0x00000000      0x150
 .debug_frame   0x00000000       0x20 c:/ac6/systemworkbench/plugins/fr.ac6.mcu.externaltools.arm-none.win32_1.3.0.201507241045/tools/compiler/bin/../lib/gcc/arm-none-eabi/4.9.3/armv6-m\libgcc.a(_udivsi3.o)
 .debug_frame   0x00000020       0x20 c:/ac6/systemworkbench/plugins/fr.ac6.mcu.externaltools.arm-none.win32_1.3.0.201507241045/tools/compiler/bin/../lib/gcc/arm-none-eabi/4.9.3/armv6-m\libgcc.a(_divsi3.o)
 .debug_frame   0x00000040       0x2c c:/ac6/systemworkbench/plugins/fr.ac6.mcu.externaltools.arm-none.win32_1.3.0.201507241045/tools/compiler/bin/../lib/gcc/arm-none-eabi/4.9.3/../../../../arm-none-eabi/lib/armv6-m\libc.a(lib_a-init.o)
 .debug_frame   0x0000006c       0x54 c:/ac6/systemworkbench/plugins/fr.ac6.mcu.externaltools.arm-none.win32_1.3.0.201507241045/tools/compiler/bin/../lib/gcc/arm-none-eabi/4.9.3/../../../../arm-none-eabi/lib/armv6-m\libc.a(lib_a-__call_atexit.o)
 .debug_frame   0x000000c0       0x28 c:/ac6/systemworkbench/plugins/fr.ac6.mcu.externaltools.arm-none.win32_1.3.0.201507241045/tools/compiler/bin/../lib/gcc/arm-none-eabi/4.9.3/../../../../arm-none-eabi/lib/armv6-m\libc.a(lib_a-atexit.o)
 .debug_frame   0x000000e8       0x2c c:/ac6/systemworkbench/plugins/fr.ac6.mcu.externaltools.arm-none.win32_1.3.0.201507241045/tools/compiler/bin/../lib/gcc/arm-none-eabi/4.9.3/../../../../arm-none-eabi/lib/armv6-m\libc.a(lib_a-fini.o)
 .debug_frame   0x00000114       0x3c c:/ac6/systemworkbench/plugins/fr.ac6.mcu.externaltools.arm-none.win32_1.3.0.201507241045/tools/compiler/bin/../lib/gcc/arm-none-eabi/4.9.3/../../../../arm-none-eabi/lib/armv6-m\libc.a(lib_a-__atexit.o)
