Archive member included to satisfy reference by file (symbol)

c:/ac6/systemworkbench/plugins/fr.ac6.mcu.externaltools.arm-none.win32_1.11.0.201610101338/tools/gcc-arm-none-eabi-5_4-2016q2-20160622-win32/bin/../lib/gcc/arm-none-eabi/5.4.1/armv6-m\libgcc.a(_udivsi3.o)
                              src/ILI9163.o (__aeabi_uidiv)
c:/ac6/systemworkbench/plugins/fr.ac6.mcu.externaltools.arm-none.win32_1.11.0.201610101338/tools/gcc-arm-none-eabi-5_4-2016q2-20160622-win32/bin/../lib/gcc/arm-none-eabi/5.4.1/armv6-m\libgcc.a(_dvmd_tls.o)
                              c:/ac6/systemworkbench/plugins/fr.ac6.mcu.externaltools.arm-none.win32_1.11.0.201610101338/tools/gcc-arm-none-eabi-5_4-2016q2-20160622-win32/bin/../lib/gcc/arm-none-eabi/5.4.1/armv6-m\libgcc.a(_udivsi3.o) (__aeabi_idiv0)
c:/ac6/systemworkbench/plugins/fr.ac6.mcu.externaltools.arm-none.win32_1.11.0.201610101338/tools/gcc-arm-none-eabi-5_4-2016q2-20160622-win32/bin/../lib/gcc/arm-none-eabi/5.4.1/../../../../arm-none-eabi/lib/armv6-m\libc.a(lib_a-errno.o)
                              src/syscalls.o (__errno)
c:/ac6/systemworkbench/plugins/fr.ac6.mcu.externaltools.arm-none.win32_1.11.0.201610101338/tools/gcc-arm-none-eabi-5_4-2016q2-20160622-win32/bin/../lib/gcc/arm-none-eabi/5.4.1/../../../../arm-none-eabi/lib/armv6-m\libc.a(lib_a-exit.o)
                              c:/ac6/systemworkbench/plugins/fr.ac6.mcu.externaltools.arm-none.win32_1.11.0.201610101338/tools/gcc-arm-none-eabi-5_4-2016q2-20160622-win32/bin/../lib/gcc/arm-none-eabi/5.4.1/../../../../arm-none-eabi/lib/armv6-m/crt0.o (exit)
c:/ac6/systemworkbench/plugins/fr.ac6.mcu.externaltools.arm-none.win32_1.11.0.201610101338/tools/gcc-arm-none-eabi-5_4-2016q2-20160622-win32/bin/../lib/gcc/arm-none-eabi/5.4.1/../../../../arm-none-eabi/lib/armv6-m\libc.a(lib_a-impure.o)
                              c:/ac6/systemworkbench/plugins/fr.ac6.mcu.externaltools.arm-none.win32_1.11.0.201610101338/tools/gcc-arm-none-eabi-5_4-2016q2-20160622-win32/bin/../lib/gcc/arm-none-eabi/5.4.1/../../../../arm-none-eabi/lib/armv6-m\libc.a(lib_a-exit.o) (_global_impure_ptr)
c:/ac6/systemworkbench/plugins/fr.ac6.mcu.externaltools.arm-none.win32_1.11.0.201610101338/tools/gcc-arm-none-eabi-5_4-2016q2-20160622-win32/bin/../lib/gcc/arm-none-eabi/5.4.1/../../../../arm-none-eabi/lib/armv6-m\libc.a(lib_a-init.o)
                              c:/ac6/systemworkbench/plugins/fr.ac6.mcu.externaltools.arm-none.win32_1.11.0.201610101338/tools/gcc-arm-none-eabi-5_4-2016q2-20160622-win32/bin/../lib/gcc/arm-none-eabi/5.4.1/../../../../arm-none-eabi/lib/armv6-m/crt0.o (__libc_init_array)
c:/ac6/systemworkbench/plugins/fr.ac6.mcu.externaltools.arm-none.win32_1.11.0.201610101338/tools/gcc-arm-none-eabi-5_4-2016q2-20160622-win32/bin/../lib/gcc/arm-none-eabi/5.4.1/../../../../arm-none-eabi/lib/armv6-m\libc.a(lib_a-memset.o)
                              c:/ac6/systemworkbench/plugins/fr.ac6.mcu.externaltools.arm-none.win32_1.11.0.201610101338/tools/gcc-arm-none-eabi-5_4-2016q2-20160622-win32/bin/../lib/gcc/arm-none-eabi/5.4.1/../../../../arm-none-eabi/lib/armv6-m/crt0.o (memset)
c:/ac6/systemworkbench/plugins/fr.ac6.mcu.externaltools.arm-none.win32_1.11.0.201610101338/tools/gcc-arm-none-eabi-5_4-2016q2-20160622-win32/bin/../lib/gcc/arm-none-eabi/5.4.1/../../../../arm-none-eabi/lib/armv6-m\libc.a(lib_a-__call_atexit.o)
                              c:/ac6/systemworkbench/plugins/fr.ac6.mcu.externaltools.arm-none.win32_1.11.0.201610101338/tools/gcc-arm-none-eabi-5_4-2016q2-20160622-win32/bin/../lib/gcc/arm-none-eabi/5.4.1/../../../../arm-none-eabi/lib/armv6-m\libc.a(lib_a-exit.o) (__call_exitprocs)
c:/ac6/systemworkbench/plugins/fr.ac6.mcu.externaltools.arm-none.win32_1.11.0.201610101338/tools/gcc-arm-none-eabi-5_4-2016q2-20160622-win32/bin/../lib/gcc/arm-none-eabi/5.4.1/../../../../arm-none-eabi/lib/armv6-m\libc.a(lib_a-atexit.o)
                              c:/ac6/systemworkbench/plugins/fr.ac6.mcu.externaltools.arm-none.win32_1.11.0.201610101338/tools/gcc-arm-none-eabi-5_4-2016q2-20160622-win32/bin/../lib/gcc/arm-none-eabi/5.4.1/../../../../arm-none-eabi/lib/armv6-m\libc.a(lib_a-__call_atexit.o) (atexit)
c:/ac6/systemworkbench/plugins/fr.ac6.mcu.externaltools.arm-none.win32_1.11.0.201610101338/tools/gcc-arm-none-eabi-5_4-2016q2-20160622-win32/bin/../lib/gcc/arm-none-eabi/5.4.1/../../../../arm-none-eabi/lib/armv6-m\libc.a(lib_a-fini.o)
                              c:/ac6/systemworkbench/plugins/fr.ac6.mcu.externaltools.arm-none.win32_1.11.0.201610101338/tools/gcc-arm-none-eabi-5_4-2016q2-20160622-win32/bin/../lib/gcc/arm-none-eabi/5.4.1/../../../../arm-none-eabi/lib/armv6-m\libc.a(lib_a-__call_atexit.o) (__libc_fini_array)
c:/ac6/systemworkbench/plugins/fr.ac6.mcu.externaltools.arm-none.win32_1.11.0.201610101338/tools/gcc-arm-none-eabi-5_4-2016q2-20160622-win32/bin/../lib/gcc/arm-none-eabi/5.4.1/../../../../arm-none-eabi/lib/armv6-m\libc.a(lib_a-__atexit.o)
[...]
Memory Configuration

Name             Origin             Length             Attributes
FLASH            0x08000000         0x00010000         xr
RAM              0x20000000         0x00002000         xrw
*default*        0x00000000         0xffffffff

Linker script and memory map

LOAD c:/ac6/systemworkbench/plugins/fr.ac6.mcu.externaltools.arm-none.win32_1.11.0.201610101338/tools/gcc-arm-none-eabi-5_4-2016q2-20160622-win32/bin/../lib/gcc/arm-none-eabi/5.4.1/armv6-m/crti.o
LOAD c:/ac6/systemworkbench/plugins/fr.ac6.mcu.externaltools.arm-none.win32_1.11.0.201610101338/tools/gcc-arm-none-eabi-5_4-2016q2-20160622-win32/bin/../lib/gcc/arm-none-eabi/5.4.1/armv6-m/crtbegin.o
LOAD c:/ac6/systemworkbench/plugins/fr.ac6.mcu.externaltools.arm-none.win32_1.11.0.201610101338/tools/gcc-arm-none-eabi-5_4-2016q2-20160622-win32/bin/../lib/gcc/arm-none-eabi/5.4.1/../../../../arm-none-eabi/lib/armv6-m/crt0.o
LOAD c:/ac6/systemworkbench/plugins/fr.ac6.mcu.externaltools.arm-none.win32_1.11.0.201610101338/tools/gcc-arm-none-eabi-5_4-2016q2-20160622-win32/bin/../lib/gcc/arm-none-eabi/5.4.1/../../../../arm-none-eabi/lib/armv6-m\libm.a
LOAD startup/startup_stm32f0xx.o
LOAD src/ILI9163.o
LOAD src/main.o
LOAD src/syscalls.o
LOAD src/system_stm32f0xx.o
LOAD src/ugui.o
LOAD Utilities/stm32f0_discovery.o
LOAD StdPeriph_Driver/src/stm32f0xx_adc.o
LOAD StdPeriph_Driver/src/stm32f0xx_cec.o
LOAD StdPeriph_Driver/src/stm32f0xx_comp.o
LOAD StdPeriph_Driver/src/stm32f0xx_crc.o
LOAD StdPeriph_Driver/src/stm32f0xx_dac.o
LOAD StdPeriph_Driver/src/stm32f0xx_dbgmcu.o
LOAD StdPeriph_Driver/src/stm32f0xx_dma.o
LOAD StdPeriph_Driver/src/stm32f0xx_exti.o
LOAD StdPeriph_Driver/src/stm32f0xx_flash.o
LOAD StdPeriph_Driver/src/stm32f0xx_gpio.o
LOAD StdPeriph_Driver/src/stm32f0xx_i2c.o
LOAD StdPeriph_Driver/src/stm32f0xx_iwdg.o
LOAD StdPeriph_Driver/src/stm32f0xx_misc.o
LOAD StdPeriph_Driver/src/stm32f0xx_pwr.o
LOAD StdPeriph_Driver/src/stm32f0xx_rcc.o
LOAD StdPeriph_Driver/src/stm32f0xx_rtc.o
LOAD StdPeriph_Driver/src/stm32f0xx_spi.o
LOAD StdPeriph_Driver/src/stm32f0xx_syscfg.o
LOAD StdPeriph_Driver/src/stm32f0xx_tim.o
LOAD StdPeriph_Driver/src/stm32f0xx_usart.o
LOAD StdPeriph_Driver/src/stm32f0xx_wwdg.o
START GROUP
LOAD c:/ac6/systemworkbench/plugins/fr.ac6.mcu.externaltools.arm-none.win32_1.11.0.201610101338/tools/gcc-arm-none-eabi-5_4-2016q2-20160622-win32/bin/../lib/gcc/arm-none-eabi/5.4.1/armv6-m\libgcc.a
LOAD c:/ac6/systemworkbench/plugins/fr.ac6.mcu.externaltools.arm-none.win32_1.11.0.201610101338/tools/gcc-arm-none-eabi-5_4-2016q2-20160622-win32/bin/../lib/gcc/arm-none-eabi/5.4.1/../../../../arm-none-eabi/lib/armv6-m\libc.a
END GROUP
LOAD c:/ac6/systemworkbench/plugins/fr.ac6.mcu.externaltools.arm-none.win32_1.11.0.201610101338/tools/gcc-arm-none-eabi-5_4-2016q2-20160622-win32/bin/../lib/gcc/arm-none-eabi/5.4.1/armv6-m/crtend.o
LOAD c:/ac6/systemworkbench/plugins/fr.ac6.mcu.externaltools.arm-none.win32_1.11.0.201610101338/tools/gcc-arm-none-eabi-5_4-2016q2-20160622-win32/bin/../lib/gcc/arm-none-eabi/5.4.1/armv6-m/crtn.o
                0x20002000                _estack = 0x20002000
                0x00000000                _Min_Heap_Size = 0x0
                0x00000080                _Min_Stack_Size = 0x80

.isr_vector     0x08000000       0xc4
                0x08000000                . = ALIGN (0x4)
 *(.isr_vector)
 .isr_vector    0x08000000       0xc4 startup/startup_stm32f0xx.o
                0x08000000                g_pfnVectors
                0x080000c4                . = ALIGN (0x4)

.text           0x080000c4     0x5ea8
                0x080000c4                . = ALIGN (0x4)
 *(.text)
 .text          0x080000c4       0x60 c:/ac6/systemworkbench/plugins/fr.ac6.mcu.externaltools.arm-none.win32_1.11.0.201610101338/tools/gcc-arm-none-eabi-5_4-2016q2-20160622-win32/bin/../lib/gcc/arm-none-eabi/5.4.1/armv6-m/crtbegin.o
 .text          0x08000124      0x114 c:/ac6/systemworkbench/plugins/fr.ac6.mcu.externaltools.arm-none.win32_1.11.0.201610101338/tools/gcc-arm-none-eabi-5_4-2016q2-20160622-win32/bin/../lib/gcc/arm-none-eabi/5.4.1/armv6-m\libgcc.a(_udivsi3.o)
                0x08000124                __aeabi_uidiv
                0x08000124                __udivsi3
                0x08000230                __aeabi_uidivmod
 .text          0x08000238        0x4 c:/ac6/systemworkbench/plugins/fr.ac6.mcu.externaltools.arm-none.win32_1.11.0.201610101338/tools/gcc-arm-none-eabi-5_4-2016q2-20160622-win32/bin/../lib/gcc/arm-none-eabi/5.4.1/armv6-m\libgcc.a(_dvmd_tls.o)
                0x08000238                __aeabi_idiv0
                0x08000238                __aeabi_ldiv0
 *(.text*)
 .text.Reset_Handler
                0x0800023c       0x50 startup/startup_stm32f0xx.o
                0x0800023c                Reset_Handler
 .text.Default_Handler
                0x0800028c        0x2 startup/startup_stm32f0xx.o
                0x0800028c                TIM1_CC_IRQHandler
                0x0800028c                HardFault_Handler
                0x0800028c                ADC1_COMP_IRQHandler
                0x0800028c                PVD_IRQHandler
                0x0800028c                PendSV_Handler
                0x0800028c                NMI_Handler
                0x0800028c                I2C1_IRQHandler
                0x0800028c                SPI1_IRQHandler
                0x0800028c                TIM6_DAC_IRQHandler
                0x0800028c                EXTI2_3_IRQHandler
                0x0800028c                I2C2_IRQHandler
                0x0800028c                TIM17_IRQHandler
                0x0800028c                RTC_IRQHandler
                0x0800028c                TIM16_IRQHandler
                0x0800028c                TIM3_IRQHandler
                0x0800028c                EXTI4_15_IRQHandler
                0x0800028c                RCC_IRQHandler
                0x0800028c                DMA1_Channel1_IRQHandler
                0x0800028c                Default_Handler
                0x0800028c                CEC_IRQHandler
                0x0800028c                TIM14_IRQHandler
                0x0800028c                DMA1_Channel4_5_IRQHandler
                0x0800028c                TIM15_IRQHandler
                0x0800028c                EXTI0_1_IRQHandler
                0x0800028c                SPI2_IRQHandler
                0x0800028c                SVC_Handler
                0x0800028c                TS_IRQHandler
                0x0800028c                WWDG_IRQHandler
                0x0800028c                TIM2_IRQHandler
                0x0800028c                DMA1_Channel2_3_IRQHandler
                0x0800028c                USART2_IRQHandler
                0x0800028c                FLASH_IRQHandler
                0x0800028c                USART1_IRQHandler
                0x0800028c                TIM1_BRK_UP_TRG_COM_IRQHandler
 *fill*         0x0800028e        0x2 
 .text.NVIC_SetPriority
                0x08000290       0xdc src/ILI9163.o
 .text.SysTick_Config
                0x0800036c       0x4c src/ILI9163.o
 .text.ILI9163_Init
                0x080003b8      0x220 src/ILI9163.o
                0x080003b8                ILI9163_Init
 .text.ILI9163_WritePixel
                0x080005d8       0x48 src/ILI9163.o
                0x080005d8                ILI9163_WritePixel
 .text.ILI9163_SetAddress
                0x08000620       0x78 src/ILI9163.o
                0x08000620                ILI9163_SetAddress
 .text.ILI9163_WriteToReg
                0x08000698       0x50 src/ILI9163.o
                0x08000698                ILI9163_WriteToReg
 .text.ILI9163_WriteData8
                0x080006e8       0x50 src/ILI9163.o
                0x080006e8                ILI9163_WriteData8
 .text.ILI9163_WriteData16
                0x08000738       0x78 src/ILI9163.o
                0x08000738                ILI9163_WriteData16
 .text.ILI9163_FillRect
                0x080007b0      0x178 src/ILI9163.o
                0x080007b0                ILI9163_FillRect
 .text.ILI9163_FillScreen
                0x08000928       0x2c src/ILI9163.o
                0x08000928                ILI9163_FillScreen
 .text.ILI9163_Delay_ms
                0x08000954       0x24 src/ILI9163.o
                0x08000954                ILI9163_Delay_ms
 .text.SysTick_Handler
                0x08000978       0x30 src/ILI9163.o
                0x08000978                SysTick_Handler
 .text.ILI9163_ConfigDMA
                0x080009a8       0x8c src/ILI9163.o
                0x080009a8                ILI9163_ConfigDMA
 .text.ILI9163_StartDMA
                0x08000a34       0x48 src/ILI9163.o
                0x08000a34                ILI9163_StartDMA
 .text.ILI9163_PixelSetRGB565
                0x08000a7c       0x38 src/ILI9163.o
                0x08000a7c                ILI9163_PixelSetRGB565
 .text.ILI9163_FillFrame
                0x08000ab4       0x60 src/ILI9163.o
                0x08000ab4                ILI9163_FillFrame
 .text.main     0x08000b14       0xa8 src/main.o
                0x08000b14                main
 .text.Window_1Callback
                0x08000bbc       0x10 src/main.o
                0x08000bbc                Window_1Callback
 .text.SystemInit
                0x08000bcc       0x8c src/system_stm32f0xx.o
                0x08000bcc                SystemInit
 .text.SetSysClock
                0x08000c58       0x94 src/system_stm32f0xx.o
 .text.UG_Init  0x08000cec      0x14c src/ugui.o
                0x08000cec                UG_Init
 .text.UG_FillScreen
                0x08000e38       0x48 src/ugui.o
                0x08000e38                UG_FillScreen
 .text.UG_FillFrame
                0x08000e80      0x150 src/ugui.o
                0x08000e80                UG_FillFrame
 .text.UG_DrawFrame
                0x08000fd0       0xc8 src/ugui.o
                0x08000fd0                UG_DrawFrame
 .text.UG_DrawLine
                0x08001098      0x2dc src/ugui.o
                0x08001098                UG_DrawLine
 .text.UG_GetXDim
                0x08001374       0x18 src/ugui.o
                0x08001374                UG_GetXDim
 .text.UG_GetYDim
                0x0800138c       0x18 src/ugui.o
                0x0800138c                UG_GetYDim
 .text.UG_FontSetHSpace
                0x080013a4       0x28 src/ugui.o
                0x080013a4                UG_FontSetHSpace
 .text._UG_PutChar
                0x080013cc      0x690 src/ugui.o
                0x080013cc                _UG_PutChar
 .text._UG_PutText
                0x08001a5c      0x3bc src/ugui.o
                0x08001a5c                _UG_PutText
 .text._UG_GetFreeObject
                0x08001e18       0x6c src/ugui.o
                0x08001e18                _UG_GetFreeObject
 .text._UG_ProcessTouchData
                0x08001e84      0x240 src/ugui.o
                0x08001e84                _UG_ProcessTouchData
 .text._UG_UpdateObjects
                0x080020c4       0xc8 src/ugui.o
                0x080020c4                _UG_UpdateObjects
 .text._UG_HandleEvents
                0x0800218c       0xbc src/ugui.o
                0x0800218c                _UG_HandleEvents
 .text._UG_DrawObjectFrame
                0x08002248      0x2b0 src/ugui.o
                0x08002248                _UG_DrawObjectFrame
 .text._UG_SendObjectPrerenderEvent
                0x080024f8       0x4c src/ugui.o
                0x080024f8                _UG_SendObjectPrerenderEvent
 .text._UG_SendObjectPostrenderEvent
                0x08002544       0x4c src/ugui.o
                0x08002544                _UG_SendObjectPostrenderEvent
 .text.UG_DriverRegister
                0x08002590       0x4c src/ugui.o
                0x08002590                UG_DriverRegister
 .text.UG_Update
                0x080025dc      0x178 src/ugui.o
                0x080025dc                UG_Update
 .text.UG_WindowCreate
                0x08002754      0x140 src/ugui.o
                0x08002754                UG_WindowCreate
 .text.UG_WindowShow
                0x08002894       0x48 src/ugui.o
                0x08002894                UG_WindowShow
 .text.UG_WindowSetTitleText
                0x080028dc       0x40 src/ugui.o
                0x080028dc                UG_WindowSetTitleText
 .text.UG_WindowSetTitleTextFont
                0x0800291c       0x74 src/ugui.o
                0x0800291c                UG_WindowSetTitleTextFont
 .text.UG_WindowGetArea
                0x08002990       0xd4 src/ugui.o
                0x08002990                UG_WindowGetArea
 .text._UG_WindowDrawTitle
                0x08002a64      0x1f4 src/ugui.o
                0x08002a64                _UG_WindowDrawTitle
 .text._UG_WindowUpdate
                0x08002c58      0x1f8 src/ugui.o
                0x08002c58                _UG_WindowUpdate
 .text.UG_ButtonCreate
                0x08002e50      0x124 src/ugui.o
                0x08002e50                UG_ButtonCreate
 .text._UG_ButtonUpdate
                0x08002f74      0x414 src/ugui.o
                0x08002f74                _UG_ButtonUpdate
 .text.DMA_Init
                0x08003388       0x7c StdPeriph_Driver/src/stm32f0xx_dma.o
                0x08003388                DMA_Init
 .text.DMA_Cmd  0x08003404       0x3c StdPeriph_Driver/src/stm32f0xx_dma.o
                0x08003404                DMA_Cmd
 .text.DMA_GetFlagStatus
                0x08003440       0x40 StdPeriph_Driver/src/stm32f0xx_dma.o
                0x08003440                DMA_GetFlagStatus
 .text.DMA_ClearFlag
                0x08003480       0x1c StdPeriph_Driver/src/stm32f0xx_dma.o
                0x08003480                DMA_ClearFlag
 .text.GPIO_Init
                0x0800349c      0x130 StdPeriph_Driver/src/stm32f0xx_gpio.o
                0x0800349c                GPIO_Init
 .text.GPIO_PinAFConfig
                0x080035cc       0xa4 StdPeriph_Driver/src/stm32f0xx_gpio.o
                0x080035cc                GPIO_PinAFConfig
 .text.RCC_GetClocksFreq
                0x08003670      0x1d0 StdPeriph_Driver/src/stm32f0xx_rcc.o
                0x08003670                RCC_GetClocksFreq
 .text.RCC_AHBPeriphClockCmd
                0x08003840       0x40 StdPeriph_Driver/src/stm32f0xx_rcc.o
                0x08003840                RCC_AHBPeriphClockCmd
 .text.RCC_APB2PeriphClockCmd
                0x08003880       0x40 StdPeriph_Driver/src/stm32f0xx_rcc.o
                0x08003880                RCC_APB2PeriphClockCmd
 .text.RCC_APB2PeriphResetCmd
                0x080038c0       0x40 StdPeriph_Driver/src/stm32f0xx_rcc.o
                0x080038c0                RCC_APB2PeriphResetCmd
 .text.RCC_APB1PeriphResetCmd
                0x08003900       0x40 StdPeriph_Driver/src/stm32f0xx_rcc.o
                0x08003900                RCC_APB1PeriphResetCmd
 .text.SPI_I2S_DeInit
                0x08003940       0x5c StdPeriph_Driver/src/stm32f0xx_spi.o
                0x08003940                SPI_I2S_DeInit
 .text.SPI_Init
                0x0800399c      0x108 StdPeriph_Driver/src/stm32f0xx_spi.o
                0x0800399c                SPI_Init
 .text.SPI_Cmd  0x08003aa4       0x40 StdPeriph_Driver/src/stm32f0xx_spi.o
                0x08003aa4                SPI_Cmd
 .text.SPI_DataSizeConfig
                0x08003ae4       0x58 StdPeriph_Driver/src/stm32f0xx_spi.o
                0x08003ae4                SPI_DataSizeConfig
 .text.SPI_SendData8
                0x08003b3c       0x2c StdPeriph_Driver/src/stm32f0xx_spi.o
                0x08003b3c                SPI_SendData8
 .text.SPI_I2S_DMACmd
                0x08003b68       0x54 StdPeriph_Driver/src/stm32f0xx_spi.o
                0x08003b68                SPI_I2S_DMACmd
 .text.SPI_I2S_GetFlagStatus
                0x08003bbc       0x48 StdPeriph_Driver/src/stm32f0xx_spi.o
                0x08003bbc                SPI_I2S_GetFlagStatus
 .text.__libc_init_array
                0x08003c04       0x48 c:/ac6/systemworkbench/plugins/fr.ac6.mcu.externaltools.arm-none.win32_1.11.0.201610101338/tools/gcc-arm-none-eabi-5_4-2016q2-20160622-win32/bin/../lib/gcc/arm-none-eabi/5.4.1/../../../../arm-none-eabi/lib/armv6-m\libc.a(lib_a-init.o)
                0x08003c04                __libc_init_array
 .text.startup.register_fini
                0x08003c4c       0x18 c:/ac6/systemworkbench/plugins/fr.ac6.mcu.externaltools.arm-none.win32_1.11.0.201610101338/tools/gcc-arm-none-eabi-5_4-2016q2-20160622-win32/bin/../lib/gcc/arm-none-eabi/5.4.1/../../../../arm-none-eabi/lib/armv6-m\libc.a(lib_a-__call_atexit.o)
 .text.atexit   0x08003c64       0x10 c:/ac6/systemworkbench/plugins/fr.ac6.mcu.externaltools.arm-none.win32_1.11.0.201610101338/tools/gcc-arm-none-eabi-5_4-2016q2-20160622-win32/bin/../lib/gcc/arm-none-eabi/5.4.1/../../../../arm-none-eabi/lib/armv6-m\libc.a(lib_a-atexit.o)
                0x08003c64                atexit
 .text.__libc_fini_array
                0x08003c74       0x34 c:/ac6/systemworkbench/plugins/fr.ac6.mcu.externaltools.arm-none.win32_1.11.0.201610101338/tools/gcc-arm-none-eabi-5_4-2016q2-20160622-win32/bin/../lib/gcc/arm-none-eabi/5.4.1/../../../../arm-none-eabi/lib/armv6-m\libc.a(lib_a-fini.o)
                0x08003c74                __libc_fini_array
 .text.__register_exitproc
                0x08003ca8       0xd4 c:/ac6/systemworkbench/plugins/fr.ac6.mcu.externaltools.arm-none.win32_1.11.0.201610101338/tools/gcc-arm-none-eabi-5_4-2016q2-20160622-win32/bin/../lib/gcc/arm-none-eabi/5.4.1/../../../../arm-none-eabi/lib/armv6-m\libc.a(lib_a-__atexit.o)
                0x08003ca8                __register_exitproc
 *(.rodata)
 .rodata        0x08003d7c        0x9 src/main.o
 *fill*         0x08003d85        0x3 
 .rodata        0x08003d88     0x21c2 src/ugui.o
                0x08003d88                font_10x16
                0x08005d88                FONT_10X16
                0x08005d9c                pal_window
                0x08005db4                pal_button_pressed
                0x08005dcc                pal_button_released
                0x08005de4                pal_checkbox_pressed
                0x08005dfc                pal_checkbox_released
 *(.rodata*)
 *fill*         0x08005f4a        0x2 
 .rodata.str1.4
                0x08005f4c        0x4 c:/ac6/systemworkbench/plugins/fr.ac6.mcu.externaltools.arm-none.win32_1.11.0.201610101338/tools/gcc-arm-none-eabi-5_4-2016q2-20160622-win32/bin/../lib/gcc/arm-none-eabi/5.4.1/../../../../arm-none-eabi/lib/armv6-m\libc.a(lib_a-impure.o)
                                  0x2 (size before relaxing)
 .rodata._global_impure_ptr
                0x08005f50        0x4 c:/ac6/systemworkbench/plugins/fr.ac6.mcu.externaltools.arm-none.win32_1.11.0.201610101338/tools/gcc-arm-none-eabi-5_4-2016q2-20160622-win32/bin/../lib/gcc/arm-none-eabi/5.4.1/../../../../arm-none-eabi/lib/armv6-m\libc.a(lib_a-impure.o)
                0x08005f50                _global_impure_ptr
 *(.glue_7)
 .glue_7        0x08005f54        0x0 linker stubs
 *(.glue_7t)
 .glue_7t       0x08005f54        0x0 linker stubs
 *(.eh_frame)
 .eh_frame      0x08005f54        0x0 c:/ac6/systemworkbench/plugins/fr.ac6.mcu.externaltools.arm-none.win32_1.11.0.201610101338/tools/gcc-arm-none-eabi-5_4-2016q2-20160622-win32/bin/../lib/gcc/arm-none-eabi/5.4.1/armv6-m/crtbegin.o
 *(.init)
 .init          0x08005f54        0x4 c:/ac6/systemworkbench/plugins/fr.ac6.mcu.externaltools.arm-none.win32_1.11.0.201610101338/tools/gcc-arm-none-eabi-5_4-2016q2-20160622-win32/bin/../lib/gcc/arm-none-eabi/5.4.1/armv6-m/crti.o
                0x08005f54                _init
 .init          0x08005f58        0x8 c:/ac6/systemworkbench/plugins/fr.ac6.mcu.externaltools.arm-none.win32_1.11.0.201610101338/tools/gcc-arm-none-eabi-5_4-2016q2-20160622-win32/bin/../lib/gcc/arm-none-eabi/5.4.1/armv6-m/crtn.o
 *(.fini)
 .fini          0x08005f60        0x4 c:/ac6/systemworkbench/plugins/fr.ac6.mcu.externaltools.arm-none.win32_1.11.0.201610101338/tools/gcc-arm-none-eabi-5_4-2016q2-20160622-win32/bin/../lib/gcc/arm-none-eabi/5.4.1/armv6-m/crti.o
                0x08005f60                _fini
 .fini          0x08005f64        0x8 c:/ac6/systemworkbench/plugins/fr.ac6.mcu.externaltools.arm-none.win32_1.11.0.201610101338/tools/gcc-arm-none-eabi-5_4-2016q2-20160622-win32/bin/../lib/gcc/arm-none-eabi/5.4.1/armv6-m/crtn.o
                0x08005f6c                . = ALIGN (0x4)
                0x08005f6c                _etext = .

.vfp11_veneer   0x08005f6c        0x0
 .vfp11_veneer  0x08005f6c        0x0 linker stubs

.v4_bx          0x08005f6c        0x0
 .v4_bx         0x08005f6c        0x0 linker stubs

.iplt           0x08005f6c        0x0
 .iplt          0x08005f6c        0x0 c:/ac6/systemworkbench/plugins/fr.ac6.mcu.externaltools.arm-none.win32_1.11.0.201610101338/tools/gcc-arm-none-eabi-5_4-2016q2-20160622-win32/bin/../lib/gcc/arm-none-eabi/5.4.1/armv6-m/crtbegin.o

.rel.dyn        0x08005f6c        0x0
 .rel.iplt      0x08005f6c        0x0 c:/ac6/systemworkbench/plugins/fr.ac6.mcu.externaltools.arm-none.win32_1.11.0.201610101338/tools/gcc-arm-none-eabi-5_4-2016q2-20160622-win32/bin/../lib/gcc/arm-none-eabi/5.4.1/armv6-m/crtbegin.o

.ARM.extab
 *(.ARM.extab* .gnu.linkonce.armextab.*)

.ARM            0x08005f6c        0x0
                0x08005f6c                __exidx_start = .
 *(.ARM.exidx*)
                0x08005f6c                __exidx_end = .

.preinit_array  0x08005f6c        0x0
                0x08005f6c                PROVIDE (__preinit_array_start, .)
 *(.preinit_array*)
                0x08005f6c                PROVIDE (__preinit_array_end, .)

.init_array     0x08005f6c        0x8
                0x08005f6c                PROVIDE (__init_array_start, .)
 *(SORT(.init_array.*))
 .init_array.00000
                0x08005f6c        0x4 c:/ac6/systemworkbench/plugins/fr.ac6.mcu.externaltools.arm-none.win32_1.11.0.201610101338/tools/gcc-arm-none-eabi-5_4-2016q2-20160622-win32/bin/../lib/gcc/arm-none-eabi/5.4.1/../../../../arm-none-eabi/lib/armv6-m\libc.a(lib_a-__call_atexit.o)
 *(.init_array*)
 .init_array    0x08005f70        0x4 c:/ac6/systemworkbench/plugins/fr.ac6.mcu.externaltools.arm-none.win32_1.11.0.201610101338/tools/gcc-arm-none-eabi-5_4-2016q2-20160622-win32/bin/../lib/gcc/arm-none-eabi/5.4.1/armv6-m/crtbegin.o
                0x08005f74                PROVIDE (__init_array_end, .)

.fini_array     0x08005f74        0x4
                0x08005f74                PROVIDE (__fini_array_start, .)
 *(SORT(.fini_array.*))
 *(.fini_array*)
 .fini_array    0x08005f74        0x4 c:/ac6/systemworkbench/plugins/fr.ac6.mcu.externaltools.arm-none.win32_1.11.0.201610101338/tools/gcc-arm-none-eabi-5_4-2016q2-20160622-win32/bin/../lib/gcc/arm-none-eabi/5.4.1/armv6-m/crtbegin.o
                0x08005f78                PROVIDE (__fini_array_end, .)
                0x08005f78                _sidata = LOADADDR (.data)

.data           0x20000000      0x450 load address 0x08005f78
                0x20000000                . = ALIGN (0x4)
                0x20000000                _sdata = .
 *(.data)
 .data          0x20000000       0x14 src/system_stm32f0xx.o
                0x20000000                SystemCoreClock
                0x20000004                AHBPrescTable
 .data          0x20000014       0x10 StdPeriph_Driver/src/stm32f0xx_rcc.o
 *(.data*)
 *fill*         0x20000024        0x4 
 .data.impure_data
                0x20000028      0x428 c:/ac6/systemworkbench/plugins/fr.ac6.mcu.externaltools.arm-none.win32_1.11.0.201610101338/tools/gcc-arm-none-eabi-5_4-2016q2-20160622-win32/bin/../lib/gcc/arm-none-eabi/5.4.1/../../../../arm-none-eabi/lib/armv6-m\libc.a(lib_a-impure.o)
                0x20000450                . = ALIGN (0x4)
                0x20000450                _edata = .

.jcr            0x20000450        0x0 load address 0x080063c8
 .jcr           0x20000450        0x0 c:/ac6/systemworkbench/plugins/fr.ac6.mcu.externaltools.arm-none.win32_1.11.0.201610101338/tools/gcc-arm-none-eabi-5_4-2016q2-20160622-win32/bin/../lib/gcc/arm-none-eabi/5.4.1/armv6-m/crtbegin.o

.igot.plt       0x20000450        0x0 load address 0x080063c8
 .igot.plt      0x20000450        0x0 c:/ac6/systemworkbench/plugins/fr.ac6.mcu.externaltools.arm-none.win32_1.11.0.201610101338/tools/gcc-arm-none-eabi-5_4-2016q2-20160622-win32/bin/../lib/gcc/arm-none-eabi/5.4.1/armv6-m/crtbegin.o
                0x20000450                . = ALIGN (0x4)

.bss            0x20000450       0x94 load address 0x080063c8
                0x20000450                _sbss = .
                0x20000450                __bss_start__ = _sbss
 *(.bss)
 .bss           0x20000450       0x1c c:/ac6/systemworkbench/plugins/fr.ac6.mcu.externaltools.arm-none.win32_1.11.0.201610101338/tools/gcc-arm-none-eabi-5_4-2016q2-20160622-win32/bin/../lib/gcc/arm-none-eabi/5.4.1/armv6-m/crtbegin.o
 .bss           0x2000046c        0x8 src/ILI9163.o
 .bss           0x20000474        0xc src/ugui.o
 *(.bss*)
 *(COMMON)
 COMMON         0x20000480       0x64 src/main.o
                0x20000480                gui
                0x200004e4                . = ALIGN (0x4)
                0x200004e4                _ebss = .
                0x200004e4                __bss_end__ = _ebss

._user_heap_stack
                0x200004e4       0x84 load address 0x080063c8
                0x200004e8                . = ALIGN (0x8)
 *fill*         0x200004e4        0x4 
                0x200004e8                PROVIDE (end, .)
                [!provide]                PROVIDE (_end, .)
                0x200004e8                . = (. + _Min_Heap_Size)
                0x20000568                . = (. + _Min_Stack_Size)
 *fill*         0x200004e8       0x80 
                0x20000568                . = ALIGN (0x8)

.ARM.attributes
                0x00000000       0x28
 *(.ARM.attributes)
 .ARM.attributes
                0x00000000       0x1e c:/ac6/systemworkbench/plugins/fr.ac6.mcu.externaltools.arm-none.win32_1.11.0.201610101338/tools/gcc-arm-none-eabi-5_4-2016q2-20160622-win32/bin/../lib/gcc/arm-none-eabi/5.4.1/armv6-m/crti.o
 .ARM.attributes
                0x0000001e       0x2c c:/ac6/systemworkbench/plugins/fr.ac6.mcu.externaltools.arm-none.win32_1.11.0.201610101338/tools/gcc-arm-none-eabi-5_4-2016q2-20160622-win32/bin/../lib/gcc/arm-none-eabi/5.4.1/armv6-m/crtbegin.o
 .ARM.attributes
                0x0000004a       0x21 startup/startup_stm32f0xx.o
 .ARM.attributes
                0x0000006b       0x31 src/ILI9163.o
 .ARM.attributes
                0x0000009c       0x31 src/main.o
 .ARM.attributes
                0x000000cd       0x31 src/system_stm32f0xx.o
 .ARM.attributes
                0x000000fe       0x31 src/ugui.o
 .ARM.attributes
                0x0000012f       0x31 StdPeriph_Driver/src/stm32f0xx_dma.o
 .ARM.attributes
                0x00000160       0x31 StdPeriph_Driver/src/stm32f0xx_gpio.o
 .ARM.attributes
                0x00000191       0x31 StdPeriph_Driver/src/stm32f0xx_rcc.o
 .ARM.attributes
                0x000001c2       0x31 StdPeriph_Driver/src/stm32f0xx_spi.o
 .ARM.attributes
                0x000001f3       0x1e c:/ac6/systemworkbench/plugins/fr.ac6.mcu.externaltools.arm-none.win32_1.11.0.201610101338/tools/gcc-arm-none-eabi-5_4-2016q2-20160622-win32/bin/../lib/gcc/arm-none-eabi/5.4.1/armv6-m\libgcc.a(_udivsi3.o)
 .ARM.attributes
                0x00000211       0x1e c:/ac6/systemworkbench/plugins/fr.ac6.mcu.externaltools.arm-none.win32_1.11.0.201610101338/tools/gcc-arm-none-eabi-5_4-2016q2-20160622-win32/bin/../lib/gcc/arm-none-eabi/5.4.1/armv6-m\libgcc.a(_dvmd_tls.o)
 .ARM.attributes
                0x0000022f       0x2c c:/ac6/systemworkbench/plugins/fr.ac6.mcu.externaltools.arm-none.win32_1.11.0.201610101338/tools/gcc-arm-none-eabi-5_4-2016q2-20160622-win32/bin/../lib/gcc/arm-none-eabi/5.4.1/../../../../arm-none-eabi/lib/armv6-m\libc.a(lib_a-impure.o)
 .ARM.attributes
                0x0000025b       0x2c c:/ac6/systemworkbench/plugins/fr.ac6.mcu.externaltools.arm-none.win32_1.11.0.201610101338/tools/gcc-arm-none-eabi-5_4-2016q2-20160622-win32/bin/../lib/gcc/arm-none-eabi/5.4.1/../../../../arm-none-eabi/lib/armv6-m\libc.a(lib_a-init.o)
 .ARM.attributes
                0x00000287       0x2c c:/ac6/systemworkbench/plugins/fr.ac6.mcu.externaltools.arm-none.win32_1.11.0.201610101338/tools/gcc-arm-none-eabi-5_4-2016q2-20160622-win32/bin/../lib/gcc/arm-none-eabi/5.4.1/../../../../arm-none-eabi/lib/armv6-m\libc.a(lib_a-__call_atexit.o)
 .ARM.attributes
                0x000002b3       0x2c c:/ac6/systemworkbench/plugins/fr.ac6.mcu.externaltools.arm-none.win32_1.11.0.201610101338/tools/gcc-arm-none-eabi-5_4-2016q2-20160622-win32/bin/../lib/gcc/arm-none-eabi/5.4.1/../../../../arm-none-eabi/lib/armv6-m\libc.a(lib_a-atexit.o)
 .ARM.attributes
                0x000002df       0x2c c:/ac6/systemworkbench/plugins/fr.ac6.mcu.externaltools.arm-none.win32_1.11.0.201610101338/tools/gcc-arm-none-eabi-5_4-2016q2-20160622-win32/bin/../lib/gcc/arm-none-eabi/5.4.1/../../../../arm-none-eabi/lib/armv6-m\libc.a(lib_a-fini.o)
 .ARM.attributes
                0x0000030b       0x2c c:/ac6/systemworkbench/plugins/fr.ac6.mcu.externaltools.arm-none.win32_1.11.0.201610101338/tools/gcc-arm-none-eabi-5_4-2016q2-20160622-win32/bin/../lib/gcc/arm-none-eabi/5.4.1/../../../../arm-none-eabi/lib/armv6-m\libc.a(lib_a-__atexit.o)
 .ARM.attributes
                0x00000337       0x1e c:/ac6/systemworkbench/plugins/fr.ac6.mcu.externaltools.arm-none.win32_1.11.0.201610101338/tools/gcc-arm-none-eabi-5_4-2016q2-20160622-win32/bin/../lib/gcc/arm-none-eabi/5.4.1/armv6-m/crtn.o
OUTPUT(ILI9163.elf elf32-littlearm)

.debug_line     0x00000000     0x53bc
 .debug_line    0x00000000       0x81 startup/startup_stm32f0xx.o
 .debug_line    0x00000081      0x8be src/ILI9163.o
 .debug_line    0x0000093f      0x655 src/main.o
 .debug_line    0x00000f94      0x5a6 src/system_stm32f0xx.o
 .debug_line    0x0000153a     0x20b7 src/ugui.o
 .debug_line    0x000035f1      0x65c StdPeriph_Driver/src/stm32f0xx_dma.o
 .debug_line    0x00003c4d      0x696 StdPeriph_Driver/src/stm32f0xx_gpio.o
 .debug_line    0x000042e3      0x8c4 StdPeriph_Driver/src/stm32f0xx_rcc.o
 .debug_line    0x00004ba7      0x815 StdPeriph_Driver/src/stm32f0xx_spi.o

.debug_info     0x00000000     0x795f
 .debug_info    0x00000000       0x70 startup/startup_stm32f0xx.o
 .debug_info    0x00000070      0xd15 src/ILI9163.o
 .debug_info    0x00000d85      0x7f4 src/main.o
 .debug_info    0x00001579      0x2cb src/system_stm32f0xx.o
 .debug_info    0x00001844     0x42bb src/ugui.o
 .debug_info    0x00005aff      0x433 StdPeriph_Driver/src/stm32f0xx_dma.o
 .debug_info    0x00005f32      0x5ee StdPeriph_Driver/src/stm32f0xx_gpio.o
 .debug_info    0x00006520      0x9a7 StdPeriph_Driver/src/stm32f0xx_rcc.o
 .debug_info    0x00006ec7      0xa98 StdPeriph_Driver/src/stm32f0xx_spi.o

.debug_abbrev   0x00000000      0xe08
 .debug_abbrev  0x00000000       0x12 startup/startup_stm32f0xx.o
 .debug_abbrev  0x00000012      0x2c1 src/ILI9163.o
 .debug_abbrev  0x000002d3      0x182 src/main.o
 .debug_abbrev  0x00000455      0x11a src/system_stm32f0xx.o
 .debug_abbrev  0x0000056f      0x206 src/ugui.o
 .debug_abbrev  0x00000775      0x163 StdPeriph_Driver/src/stm32f0xx_dma.o
 .debug_abbrev  0x000008d8      0x195 StdPeriph_Driver/src/stm32f0xx_gpio.o
 .debug_abbrev  0x00000a6d      0x1f3 StdPeriph_Driver/src/stm32f0xx_rcc.o
 .debug_abbrev  0x00000c60      0x1a8 StdPeriph_Driver/src/stm32f0xx_spi.o

.debug_aranges  0x00000000      0x9e8
 .debug_aranges
                0x00000000       0x28 startup/startup_stm32f0xx.o
 .debug_aranges
                0x00000028       0xb8 src/ILI9163.o
 .debug_aranges
                0x000000e0       0x28 src/main.o
 .debug_aranges
                0x00000108       0x30 src/system_stm32f0xx.o
 .debug_aranges
                0x00000138      0x560 src/ugui.o
 .debug_aranges
                0x00000698       0x70 StdPeriph_Driver/src/stm32f0xx_dma.o
 .debug_aranges
                0x00000708       0x80 StdPeriph_Driver/src/stm32f0xx_gpio.o
 .debug_aranges
                0x00000788      0x150 StdPeriph_Driver/src/stm32f0xx_rcc.o
 .debug_aranges
                0x000008d8      0x110 StdPeriph_Driver/src/stm32f0xx_spi.o

.debug_ranges   0x00000000      0x960
 .debug_ranges  0x00000000       0x20 startup/startup_stm32f0xx.o
 .debug_ranges  0x00000020       0xa8 src/ILI9163.o
 .debug_ranges  0x000000c8       0x18 src/main.o
 .debug_ranges  0x000000e0       0x20 src/system_stm32f0xx.o
 .debug_ranges  0x00000100      0x550 src/ugui.o
 .debug_ranges  0x00000650       0x60 StdPeriph_Driver/src/stm32f0xx_dma.o
 .debug_ranges  0x000006b0       0x70 StdPeriph_Driver/src/stm32f0xx_gpio.o
 .debug_ranges  0x00000720      0x140 StdPeriph_Driver/src/stm32f0xx_rcc.o
 .debug_ranges  0x00000860      0x100 StdPeriph_Driver/src/stm32f0xx_spi.o

.debug_macro    0x00000000     0x89e3
 .debug_macro   0x00000000      0x205 src/ILI9163.o
 .debug_macro   0x00000205      0x844 src/ILI9163.o
 .debug_macro   0x00000a49       0x7b src/ILI9163.o
 .debug_macro   0x00000ac4       0x34 src/ILI9163.o
 .debug_macro   0x00000af8       0x22 src/ILI9163.o
 .debug_macro   0x00000b1a       0x87 src/ILI9163.o
 .debug_macro   0x00000ba1       0x44 src/ILI9163.o
 .debug_macro   0x00000be5       0xfd src/ILI9163.o
 .debug_macro   0x00000ce2       0x5e src/ILI9163.o
 .debug_macro   0x00000d40      0x1df src/ILI9163.o
 .debug_macro   0x00000f1f      0x249 src/ILI9163.o
 .debug_macro   0x00001168     0x3334 src/ILI9163.o
 .debug_macro   0x0000449c      0x18b src/ILI9163.o
 .debug_macro   0x00004627       0x28 src/ILI9163.o
 .debug_macro   0x0000464f       0xe7 src/ILI9163.o
 .debug_macro   0x00004736       0x93 src/ILI9163.o
 .debug_macro   0x000047c9       0x70 src/ILI9163.o
 .debug_macro   0x00004839      0x225 src/ILI9163.o
 .debug_macro   0x00004a5e       0xb8 src/ILI9163.o
 .debug_macro   0x00004b16      0x16f src/ILI9163.o
 .debug_macro   0x00004c85      0x185 src/ILI9163.o
 .debug_macro   0x00004e0a      0x123 src/ILI9163.o
 .debug_macro   0x00004f2d      0x2a0 src/ILI9163.o
 .debug_macro   0x000051cd       0x70 src/ILI9163.o
 .debug_macro   0x0000523d       0xb2 src/ILI9163.o
 .debug_macro   0x000052ef      0x44c src/ILI9163.o
 .debug_macro   0x0000573b      0x46a src/ILI9163.o
 .debug_macro   0x00005ba5      0x396 src/ILI9163.o
 .debug_macro   0x00005f3b      0x750 src/ILI9163.o
 .debug_macro   0x0000668b      0x34d src/ILI9163.o
 .debug_macro   0x000069d8       0x34 src/ILI9163.o
 .debug_macro   0x00006a0c       0x3a src/ILI9163.o
 .debug_macro   0x00006a46       0x1c src/ILI9163.o
 .debug_macro   0x00006a62      0x195 src/main.o
 .debug_macro   0x00006bf7       0x22 src/main.o
 .debug_macro   0x00006c19       0x28 src/main.o
 .debug_macro   0x00006c41      0x93d src/main.o
 .debug_macro   0x0000757e      0x165 src/system_stm32f0xx.o
 .debug_macro   0x000076e3      0x186 src/ugui.o
 .debug_macro   0x00007869      0x18d StdPeriph_Driver/src/stm32f0xx_dma.o
 .debug_macro   0x000079f6      0x21f StdPeriph_Driver/src/stm32f0xx_dma.o
 .debug_macro   0x00007c15      0x16d StdPeriph_Driver/src/stm32f0xx_gpio.o
 .debug_macro   0x00007d82      0x17f StdPeriph_Driver/src/stm32f0xx_gpio.o
 .debug_macro   0x00007f01      0x187 StdPeriph_Driver/src/stm32f0xx_rcc.o
 .debug_macro   0x00008088      0x446 StdPeriph_Driver/src/stm32f0xx_rcc.o
 .debug_macro   0x000084ce      0x185 StdPeriph_Driver/src/stm32f0xx_spi.o
 .debug_macro   0x00008653      0x390 StdPeriph_Driver/src/stm32f0xx_spi.o

.debug_str      0x00000000    0x2faa9
 .debug_str     0x00000000    0x2bd2a src/ILI9163.o
                              0x2bef6 (size before relaxing)
 .debug_str     0x0002bd2a     0x1f58 src/main.o
                              0x2d2ee (size before relaxing)
 .debug_str     0x0002dc82      0x221 src/system_stm32f0xx.o
                              0x2b1d5 (size before relaxing)
 .debug_str     0x0002dea3      0xe3c src/ugui.o
                              0x2e00d (size before relaxing)
 .debug_str     0x0002ecdf      0x352 StdPeriph_Driver/src/stm32f0xx_dma.o
                              0x2b505 (size before relaxing)
 .debug_str     0x0002f031      0x172 StdPeriph_Driver/src/stm32f0xx_gpio.o
                              0x2b3e5 (size before relaxing)
 .debug_str     0x0002f1a3      0x4d9 StdPeriph_Driver/src/stm32f0xx_rcc.o
                              0x2b73c (size before relaxing)
 .debug_str     0x0002f67c      0x42d StdPeriph_Driver/src/stm32f0xx_spi.o
                              0x2b6e3 (size before relaxing)

.comment        0x00000000       0xdc
 .comment       0x00000000       0x6e src/ILI9163.o
                                 0x6f (size before relaxing)
 .comment       0x0000006e       0x6f src/main.o
 .comment       0x0000006e       0x6e src/system_stm32f0xx.o
                                 0x6f (size before relaxing)
 .comment       0x000000dc       0x6f src/ugui.o
 .comment       0x000000dc       0x6f StdPeriph_Driver/src/stm32f0xx_dma.o
 .comment       0x000000dc       0x6f StdPeriph_Driver/src/stm32f0xx_gpio.o
 .comment       0x000000dc       0x6f StdPeriph_Driver/src/stm32f0xx_rcc.o
 .comment       0x000000dc       0x6f StdPeriph_Driver/src/stm32f0xx_spi.o

.debug_frame    0x00000000     0x25f4
 .debug_frame   0x00000000      0x298 src/ILI9163.o
 .debug_frame   0x00000298       0x50 src/main.o
 .debug_frame   0x000002e8       0x6c src/system_stm32f0xx.o
 .debug_frame   0x00000354     0x157c src/ugui.o
 .debug_frame   0x000018d0      0x170 StdPeriph_Driver/src/stm32f0xx_dma.o
 .debug_frame   0x00001a40      0x1b0 StdPeriph_Driver/src/stm32f0xx_gpio.o
 .debug_frame   0x00001bf0      0x4e4 StdPeriph_Driver/src/stm32f0xx_rcc.o
 .debug_frame   0x000020d4      0x3f0 StdPeriph_Driver/src/stm32f0xx_spi.o
 .debug_frame   0x000024c4       0x20 c:/ac6/systemworkbench/plugins/fr.ac6.mcu.externaltools.arm-none.win32_1.11.0.201610101338/tools/gcc-arm-none-eabi-5_4-2016q2-20160622-win32/bin/../lib/gcc/arm-none-eabi/5.4.1/armv6-m\libgcc.a(_udivsi3.o)
 .debug_frame   0x000024e4       0x2c c:/ac6/systemworkbench/plugins/fr.ac6.mcu.externaltools.arm-none.win32_1.11.0.201610101338/tools/gcc-arm-none-eabi-5_4-2016q2-20160622-win32/bin/../lib/gcc/arm-none-eabi/5.4.1/../../../../arm-none-eabi/lib/armv6-m\libc.a(lib_a-init.o)
 .debug_frame   0x00002510       0x54 c:/ac6/systemworkbench/plugins/fr.ac6.mcu.externaltools.arm-none.win32_1.11.0.201610101338/tools/gcc-arm-none-eabi-5_4-2016q2-20160622-win32/bin/../lib/gcc/arm-none-eabi/5.4.1/../../../../arm-none-eabi/lib/armv6-m\libc.a(lib_a-__call_atexit.o)
 .debug_frame   0x00002564       0x28 c:/ac6/systemworkbench/plugins/fr.ac6.mcu.externaltools.arm-none.win32_1.11.0.201610101338/tools/gcc-arm-none-eabi-5_4-2016q2-20160622-win32/bin/../lib/gcc/arm-none-eabi/5.4.1/../../../../arm-none-eabi/lib/armv6-m\libc.a(lib_a-atexit.o)
 .debug_frame   0x0000258c       0x2c c:/ac6/systemworkbench/plugins/fr.ac6.mcu.externaltools.arm-none.win32_1.11.0.201610101338/tools/gcc-arm-none-eabi-5_4-2016q2-20160622-win32/bin/../lib/gcc/arm-none-eabi/5.4.1/../../../../arm-none-eabi/lib/armv6-m\libc.a(lib_a-fini.o)
 .debug_frame   0x000025b8       0x3c c:/ac6/systemworkbench/plugins/fr.ac6.mcu.externaltools.arm-none.win32_1.11.0.201610101338/tools/gcc-arm-none-eabi-5_4-2016q2-20160622-win32/bin/../lib/gcc/arm-none-eabi/5.4.1/../../../../arm-none-eabi/lib/armv6-m\libc.a(lib_a-__atexit.o)
